// Jest Snapshot v1, https://goo.gl/fbAQLP

exports[`should render correctly 1`] = `
<Product
  fetchProducts={
    [MockFunction] {
      "calls": Array [
        Array [
          "1",
        ],
      ],
      "results": Array [
        Object {
          "type": "return",
          "value": undefined,
        },
      ],
    }
  }
  match={
    Object {
      "params": Object {
        "id": "1",
      },
    }
  }
  product={
    Object {
      "brand": "Dove",
      "description": "Opis produktu",
      "img": "img.jpg",
      "name": "Test",
      "price": "10zł",
      "volume": "20ml",
    }
  }
>
  <Product
    brand="Dove"
    description="Opis produktu"
    img="img.jpg"
    name="Test"
    price="10zł"
    volume="20ml"
  >
    <Styled(styled.div)>
      <div
        className="sc-bdfBwQ sc-eCssSg lbYnYk ijXETU"
      >
        <styled.div>
          <div
            className="sc-jSgupP gnMCjr"
          >
            <Styled(styled.div)>
              <div
                className="sc-gKsewC sc-iBPRYJ fxuPQF dXFpVq"
              >
                <styled.img
                  alt="photo"
                  src="img.jpg"
                >
                  <img
                    alt="photo"
                    className="sc-fubCfw iTXsZq"
                    src="img.jpg"
                  />
                </styled.img>
              </div>
            </Styled(styled.div)>
            <styled.div>
              <div
                className="sc-gKsewC fxuPQF"
              >
                <styled.div>
                  <div
                    className="sc-pFZIQ eMowXI"
                  >
                    Dove
                  </div>
                </styled.div>
                <styled.div>
                  <div
                    className="sc-jrAGrp cilGpt"
                  >
                    Test
                  </div>
                </styled.div>
                <styled.div>
                  <div
                    className="sc-kEjbxe fjCyLh"
                  >
                    <styled.div>
                      <div
                        className="sc-crrsfI ehgRfX"
                      >
                        20ml
                      </div>
                    </styled.div>
                    <Price
                      price="10zł"
                    >
                      <styled.div>
                        <div
                          className="sc-gsTCUz hjjJgc"
                        >
                          <styled.div>
                            <div
                              className="sc-hKgILt LEJdr"
                            >
                              10zł
                            </div>
                          </styled.div>
                        </div>
                      </styled.div>
                    </Price>
                  </div>
                </styled.div>
                <Styled(styled.div)>
                  <div
                    className="sc-kEjbxe sc-iqHYGH fjCyLh jvmjbG"
                  >
                    <styled.div>
                      <div
                        className="sc-dQppl cHuIwy"
                      >
                        Produkt dostępny
                      </div>
                    </styled.div>
                    <styled.div>
                      <div
                        className="sc-bqyKva"
                      >
                        Dostawa gratis od 99 zł
                      </div>
                    </styled.div>
                  </div>
                </Styled(styled.div)>
              </div>
            </styled.div>
          </div>
        </styled.div>
        <styled.div>
          <div
            className="sc-kstrdz"
          >
            <styled.div>
              <div
                className="sc-hBEYos dPdRov"
              >
                Opis Produktu
              </div>
            </styled.div>
            Opis produktu
          </div>
        </styled.div>
      </div>
    </Styled(styled.div)>
  </Product>
</Product>
`;
