// Jest Snapshot v1, https://goo.gl/fbAQLP

exports[`should render correctly 1`] = `
<Styled(styled.div)>
  <styled.div>
    <Styled(styled.div)>
      <styled.img
        alt="photo"
        src="https://www.topestetic.pl/img/zdjecia/strona-big/resibo-regenerating-body-scrub-lotus-effect-regenerujacy-peeling-do-ciala-300-g.jpg?1613602801"
      />
    </Styled(styled.div)>
    <styled.div>
      <styled.div>
        resibo
      </styled.div>
      <styled.div>
        Cytrusowy Peeling Enzymatyczny w Żelu
      </styled.div>
      <styled.div>
        <Styled(styled.div)>
          120ml
        </Styled(styled.div)>
        <styled.div>
          89zł
        </styled.div>
      </styled.div>
      <Styled(styled.div)>
        <styled.div>
          Produkt dostępny
        </styled.div>
        <styled.div>
          Dostawa gratis od 99zł
        </styled.div>
      </Styled(styled.div)>
    </styled.div>
  </styled.div>
  <styled.div>
    <styled.div>
      Opis Produktu
    </styled.div>
    Skuteczne złuszczanie i intensywna regeneracja po jednym użyciu. Peeling sprawia, że nawet bardzo zmęczona i sucha skóra od razu staje się gładka, miękka, silnie nawilżona i ujędrniona. Zrogowaciały naskórek znika, a specjalne dobrane aktywne składniki natychmiast pobudzają skórę do wytwarzania nowych, zdrowych komórek. Stosować podczas kąpieli. Nabrać peeling w dłonie i masować całe ciało okrężnymi ruchami. Zacząć od stóp i kierować się stopniowo w górę. Masować zawsze w kierunku serca.
  </styled.div>
</Styled(styled.div)>
`;
