// Jest Snapshot v1, https://goo.gl/fbAQLP

exports[`should render correctly 1`] = `
<Cleaning
  fetchProducts={
    [MockFunction] {
      "calls": Array [
        Array [],
      ],
      "results": Array [
        Object {
          "type": "return",
          "value": undefined,
        },
      ],
    }
  }
  products={
    Array [
      Object {
        "id": "1",
        "img": "img.jpg",
        "name": "Test",
        "price": "10zł",
      },
    ]
  }
>
  <styled.div>
    <div
      className="sc-bdfBwQ lbYnYk"
    >
      <styled.h5>
        <h5
          className="sc-gsTCUz jUlaeV"
        >
          Oczyszczanie to podstawowy krok w dojściu do pięknej skóry
        </h5>
      </styled.h5>
      <ProductsList
        products={
          Array [
            Object {
              "id": "1",
              "img": "img.jpg",
              "name": "Test",
              "price": "10zł",
            },
          ]
        }
      >
        <styled.div>
          <div
            className="sc-iBPRYJ jdskZy"
          >
            <Product
              img="img.jpg"
              key="1"
              name="Test"
              price="10zł"
            >
              <styled.div>
                <div
                  className="sc-gKsewC ksRYnp"
                >
                  <styled.div>
                    <div
                      className="sc-hKgILt cLowGV"
                    >
                      <styled.img
                        alt="cosmetic"
                        src="img.jpg"
                      >
                        <img
                          alt="cosmetic"
                          className="sc-dlfnbm blFtGQ"
                          src="img.jpg"
                        />
                      </styled.img>
                      <styled.div>
                        <div
                          className="sc-eCssSg kWxpnN"
                        >
                          Test
                        </div>
                      </styled.div>
                      <styled.div>
                        <div
                          className="sc-jSgupP bjHwBQ"
                        >
                          10zł
                        </div>
                      </styled.div>
                    </div>
                  </styled.div>
                </div>
              </styled.div>
            </Product>
          </div>
        </styled.div>
      </ProductsList>
    </div>
  </styled.div>
</Cleaning>
`;
