// Jest Snapshot v1, https://goo.gl/fbAQLP

exports[`should render correctly 1`] = `
<styled.nav>
  <styled.div>
    <Styled(Link)
      to="/home-spa"
    >
      Domowe SPA
    </Styled(Link)>
    <Styled(Link)
      to="/cleaning"
    >
      Oczyszczanie
    </Styled(Link)>
    <Styled(Link)
      to="/care"
    >
      Pielęgnacja
    </Styled(Link)>
  </styled.div>
  <styled.form
    onSubmit={[Function]}
  >
    <styled.input
      placeholder="znajdź produkt"
      type="text"
    />
    <styled.button
      type="submit"
    >
      Szukaj
    </styled.button>
  </styled.form>
</styled.nav>
`;
