// Jest Snapshot v1, https://goo.gl/fbAQLP

exports[`should render correctly 1`] = `
<styled.nav>
  <Styled(Link)
    to="/cleaning"
  >
    Oczyszczanie
  </Styled(Link)>
  <Styled(Link)
    to="/make-up-removal"
  >
    Demakijaż
  </Styled(Link)>
  <Styled(Link)
    to="/care"
  >
    Pielęgnacja
  </Styled(Link)>
  <styled.input
    placeholder="szukaj"
    type="text"
  />
</styled.nav>
`;
