// Jest Snapshot v1, https://goo.gl/fbAQLP

exports[`should render correctly 1`] = `
<styled.header>
  <Styled(Link)
    to="/"
  >
    <styled.h1>
      Blog o kosmetykach
    </styled.h1>
    <styled.img
      alt="kosmetyki"
      src="kosmetyki1.png"
    />
  </Styled(Link)>
</styled.header>
`;
