// Jest Snapshot v1, https://goo.gl/fbAQLP

exports[`should render correctly 1`] = `
<Styled(Link)
  to="/products/1"
>
  <styled.div
    className="className"
  >
    <styled.img
      alt="cosmetics"
      src="/images/products/img.jpg"
    />
    <styled.div>
      Test product!
    </styled.div>
    <Price
      price="15zł"
    />
  </styled.div>
</Styled(Link)>
`;

exports[`should render correctly with has discount 1`] = `
<Styled(Link)
  to="/products/1"
>
  <styled.div
    className="className"
  >
    <styled.img
      alt="cosmetics"
      src="/images/products/img.jpg"
    />
    <styled.div>
      Test product!
    </styled.div>
    <Price
      price="15zł"
    />
  </styled.div>
</Styled(Link)>
`;
