// Jest Snapshot v1, https://goo.gl/fbAQLP

exports[`should render correctly 1`] = `
<Navigation
  categories={
    Array [
      Object {
        "description": "Należy przestrzegać codziennej pielęgnacji twarzy",
        "id": "1",
        "name": "Pielęgnacja",
        "type": "care",
        "url": "/categories/care",
      },
      Object {
        "description": "Prfumy w których się zakochasz",
        "id": "2",
        "name": "Perfumy",
        "type": "perfume",
        "url": "/categories/perfume",
      },
      Object {
        "description": "Te kosmetyki odmienią twoje spojrzenie",
        "id": "3",
        "name": "Makijaż",
        "type": "makeup",
        "url": "/categories/makeup",
      },
    ]
  }
  fetchCategories={
    [MockFunction] {
      "calls": Array [
        Array [],
      ],
      "results": Array [
        Object {
          "type": "return",
          "value": undefined,
        },
      ],
    }
  }
>
  <Nav
    categories={
      Array [
        Object {
          "description": "Należy przestrzegać codziennej pielęgnacji twarzy",
          "id": "1",
          "name": "Pielęgnacja",
          "type": "care",
          "url": "/categories/care",
        },
        Object {
          "description": "Prfumy w których się zakochasz",
          "id": "2",
          "name": "Perfumy",
          "type": "perfume",
          "url": "/categories/perfume",
        },
        Object {
          "description": "Te kosmetyki odmienią twoje spojrzenie",
          "id": "3",
          "name": "Makijaż",
          "type": "makeup",
          "url": "/categories/makeup",
        },
      ]
    }
  />
</Navigation>
`;

exports[`should render correctly without categories 1`] = `""`;
