// Jest Snapshot v1, https://goo.gl/fbAQLP

exports[`should render correctly 1`] = `
<Care
  fetchProducts={
    [MockFunction] {
      "calls": Array [
        Array [],
      ],
      "results": Array [
        Object {
          "type": "return",
          "value": undefined,
        },
      ],
    }
  }
  products={
    Array [
      Object {
        "id": "1",
        "img": "img.jpg",
        "name": "Test",
        "price": "10zł",
      },
    ]
  }
>
  <styled.div>
    <div
      className="sc-bdfBwQ lbYnYk"
    >
      <styled.h5>
        <h5
          className="sc-gsTCUz AWQJG"
        >
          Aby uzyskać zdrowy wygląd cery, należy przestrzegać codzienną pielęgnację twarzy
        </h5>
      </styled.h5>
      <ProductsList
        products={
          Array [
            Object {
              "id": "1",
              "img": "img.jpg",
              "name": "Test",
              "price": "10zł",
            },
          ]
        }
      >
        <styled.div>
          <div
            className="sc-gKsewC dWdvfS"
          >
            <Product
              img="img.jpg"
              key="1"
              name="Test"
              price="10zł"
            >
              <styled.div>
                <div
                  className="sc-hKgILt joCFVe"
                >
                  <styled.img
                    alt="cosmetic"
                    src="img.jpg"
                  >
                    <img
                      alt="cosmetic"
                      className="sc-dlfnbm bWLOIL"
                      src="img.jpg"
                    />
                  </styled.img>
                  <styled.div>
                    <div
                      className="sc-eCssSg kWxpnN"
                    >
                      Test
                    </div>
                  </styled.div>
                  <styled.div>
                    <div
                      className="sc-jSgupP dZsdDY"
                    >
                      10zł
                    </div>
                  </styled.div>
                </div>
              </styled.div>
            </Product>
          </div>
        </styled.div>
      </ProductsList>
    </div>
  </styled.div>
</Care>
`;
