// Jest Snapshot v1, https://goo.gl/fbAQLP

exports[`should render correctly 1`] = `
<Search
  fetchProducts={
    [MockFunction] {
      "calls": Array [
        Array [
          "?q=krem",
        ],
      ],
      "results": Array [
        Object {
          "type": "return",
          "value": undefined,
        },
      ],
    }
  }
  loading={false}
  location={
    Object {
      "search": "?q=krem",
    }
  }
  searchProducts={
    Array [
      Object {
        "id": "1",
        "img": "img.jpg",
        "name": "Test",
        "price": "10zł",
      },
    ]
  }
>
  <styled.div>
    <div
      className="sc-bdvvaa hugagk"
    >
      <styled.h5>
        <h5
          className="sc-gsDJrp ilHCrl"
        >
          Wyniki dla frazy: 
          krem
           (
          1
          )
        </h5>
      </styled.h5>
      <ProductsList
        products={
          Array [
            Object {
              "id": "1",
              "img": "img.jpg",
              "name": "Test",
              "price": "10zł",
            },
          ]
        }
      />
    </div>
  </styled.div>
</Search>
`;

exports[`should render correctly without products 1`] = `
<styled.div>
  <ProductNotFound />
</styled.div>
`;
